// Jest Snapshot v1, https://goo.gl/fbAQLP

exports[`Header.vue renders a snapshot 1`] = `
<header class="unnnic-grid-span-12">
  <unnnicbreadcrumb-stub crumbs="[object Object],[object Object],[object Object]"></unnnicbreadcrumb-stub>
</header>
`;
